Archive member included because of file (symbol)

d:/programs/imt_sdk_win_64/winavr/bin/../lib/gcc/avr/4.3.3/avr5\libgcc.a(_mulsi3.o)
                              ./LCD/LCD_program.o (__mulsi3)
d:/programs/imt_sdk_win_64/winavr/bin/../lib/gcc/avr/4.3.3/avr5\libgcc.a(_udivmodsi4.o)
                              ./UART/UART_Program.o (__udivmodsi4)
d:/programs/imt_sdk_win_64/winavr/bin/../lib/gcc/avr/4.3.3/avr5\libgcc.a(_divmodsi4.o)
                              ./LCD/LCD_program.o (__divmodsi4)
d:/programs/imt_sdk_win_64/winavr/bin/../lib/gcc/avr/4.3.3/avr5\libgcc.a(_exit.o)
                              d:/programs/imt_sdk_win_64/winavr/bin/../lib/gcc/avr/4.3.3/../../../../avr/lib/avr5/crtm32.o (exit)
d:/programs/imt_sdk_win_64/winavr/bin/../lib/gcc/avr/4.3.3/avr5\libgcc.a(_copy_data.o)
                              ./main.o (__do_copy_data)
d:/programs/imt_sdk_win_64/winavr/bin/../lib/gcc/avr/4.3.3/avr5\libgcc.a(_clear_bss.o)
                              ./UART/UART_Program.o (__do_clear_bss)

Allocating common symbols
Common symbol       size              file

buffer              0xa               ./main.o

Memory Configuration

Name             Origin             Length             Attributes
text             0x00000000         0x00020000         xr
data             0x00800060         0x0000ffa0         rw !x
eeprom           0x00810000         0x00010000         rw !x
fuse             0x00820000         0x00000400         rw !x
lock             0x00830000         0x00000400         rw !x
signature        0x00840000         0x00000400         rw !x
*default*        0x00000000         0xffffffff

Linker script and memory map

LOAD d:/programs/imt_sdk_win_64/winavr/bin/../lib/gcc/avr/4.3.3/../../../../avr/lib/avr5/crtm32.o
LOAD ./UART/UART_Program.o
LOAD ./LCD/LCD_program.o
LOAD ./GIE/GIE_Program.o
LOAD ./ADC/ADC_Program.o
LOAD ./01-DIO/DIO_Program.o
LOAD ./main.o
LOAD d:/programs/imt_sdk_win_64/winavr/bin/../lib/gcc/avr/4.3.3/avr5\libgcc.a
LOAD d:/programs/imt_sdk_win_64/winavr/bin/../lib/gcc/avr/4.3.3/../../../../avr/lib/avr5\libc.a
LOAD d:/programs/imt_sdk_win_64/winavr/bin/../lib/gcc/avr/4.3.3/avr5\libgcc.a

.hash
 *(.hash)

.dynsym
 *(.dynsym)

.dynstr
 *(.dynstr)

.gnu.version
 *(.gnu.version)

.gnu.version_d
 *(.gnu.version_d)

.gnu.version_r
 *(.gnu.version_r)

.rel.init
 *(.rel.init)

.rela.init
 *(.rela.init)

.rel.text
 *(.rel.text)
 *(.rel.text.*)
 *(.rel.gnu.linkonce.t*)

.rela.text
 *(.rela.text)
 *(.rela.text.*)
 *(.rela.gnu.linkonce.t*)

.rel.fini
 *(.rel.fini)

.rela.fini
 *(.rela.fini)

.rel.rodata
 *(.rel.rodata)
 *(.rel.rodata.*)
 *(.rel.gnu.linkonce.r*)

.rela.rodata
 *(.rela.rodata)
 *(.rela.rodata.*)
 *(.rela.gnu.linkonce.r*)

.rel.data
 *(.rel.data)
 *(.rel.data.*)
 *(.rel.gnu.linkonce.d*)

.rela.data
 *(.rela.data)
 *(.rela.data.*)
 *(.rela.gnu.linkonce.d*)

.rel.ctors
 *(.rel.ctors)

.rela.ctors
 *(.rela.ctors)

.rel.dtors
 *(.rel.dtors)

.rela.dtors
 *(.rela.dtors)

.rel.got
 *(.rel.got)

.rela.got
 *(.rela.got)

.rel.bss
 *(.rel.bss)

.rela.bss
 *(.rela.bss)

.rel.plt
 *(.rel.plt)

.rela.plt
 *(.rela.plt)

.text           0x00000000      0xaf4
 *(.vectors)
 .vectors       0x00000000       0x54 d:/programs/imt_sdk_win_64/winavr/bin/../lib/gcc/avr/4.3.3/../../../../avr/lib/avr5/crtm32.o
                0x00000000                __vectors
                0x00000000                __vector_default
 *(.vectors)
 *(.progmem.gcc*)
 *(.progmem*)
                0x00000054                . = ALIGN (0x2)
                0x00000054                __trampolines_start = .
 *(.trampolines)
 .trampolines   0x00000054        0x0 linker stubs
 *(.trampolines*)
                0x00000054                __trampolines_end = .
 *(.jumptables)
 *(.jumptables*)
 *(.lowtext)
 *(.lowtext*)
                0x00000054                __ctors_start = .
 *(.ctors)
                0x00000054                __ctors_end = .
                0x00000054                __dtors_start = .
 *(.dtors)
                0x00000054                __dtors_end = .
 SORT(*)(.ctors)
 SORT(*)(.dtors)
 *(.init0)
 .init0         0x00000054        0x0 d:/programs/imt_sdk_win_64/winavr/bin/../lib/gcc/avr/4.3.3/../../../../avr/lib/avr5/crtm32.o
                0x00000054                __init
 *(.init0)
 *(.init1)
 *(.init1)
 *(.init2)
 .init2         0x00000054        0xc d:/programs/imt_sdk_win_64/winavr/bin/../lib/gcc/avr/4.3.3/../../../../avr/lib/avr5/crtm32.o
 *(.init2)
 *(.init3)
 *(.init3)
 *(.init4)
 .init4         0x00000060       0x16 d:/programs/imt_sdk_win_64/winavr/bin/../lib/gcc/avr/4.3.3/avr5\libgcc.a(_copy_data.o)
                0x00000060                __do_copy_data
 .init4         0x00000076       0x10 d:/programs/imt_sdk_win_64/winavr/bin/../lib/gcc/avr/4.3.3/avr5\libgcc.a(_clear_bss.o)
                0x00000076                __do_clear_bss
 *(.init4)
 *(.init5)
 *(.init5)
 *(.init6)
 *(.init6)
 *(.init7)
 *(.init7)
 *(.init8)
 *(.init8)
 *(.init9)
 .init9         0x00000086        0x8 d:/programs/imt_sdk_win_64/winavr/bin/../lib/gcc/avr/4.3.3/../../../../avr/lib/avr5/crtm32.o
 *(.init9)
 *(.text)
 .text          0x0000008e        0x4 d:/programs/imt_sdk_win_64/winavr/bin/../lib/gcc/avr/4.3.3/../../../../avr/lib/avr5/crtm32.o
                0x0000008e                __vector_1
                0x0000008e                __vector_12
                0x0000008e                __bad_interrupt
                0x0000008e                __vector_6
                0x0000008e                __vector_3
                0x0000008e                __vector_11
                0x0000008e                __vector_17
                0x0000008e                __vector_19
                0x0000008e                __vector_7
                0x0000008e                __vector_5
                0x0000008e                __vector_4
                0x0000008e                __vector_9
                0x0000008e                __vector_2
                0x0000008e                __vector_15
                0x0000008e                __vector_8
                0x0000008e                __vector_14
                0x0000008e                __vector_10
                0x0000008e                __vector_18
                0x0000008e                __vector_20
 .text          0x00000092        0x0 ./UART/UART_Program.o
 .text          0x00000092        0x0 ./LCD/LCD_program.o
 .text          0x00000092        0x0 ./GIE/GIE_Program.o
 .text          0x00000092        0x0 ./ADC/ADC_Program.o
 .text          0x00000092        0x0 ./01-DIO/DIO_Program.o
 .text          0x00000092        0x0 ./main.o
 .text          0x00000092        0x0 d:/programs/imt_sdk_win_64/winavr/bin/../lib/gcc/avr/4.3.3/avr5\libgcc.a(_mulsi3.o)
 .text          0x00000092        0x0 d:/programs/imt_sdk_win_64/winavr/bin/../lib/gcc/avr/4.3.3/avr5\libgcc.a(_udivmodsi4.o)
 .text          0x00000092        0x0 d:/programs/imt_sdk_win_64/winavr/bin/../lib/gcc/avr/4.3.3/avr5\libgcc.a(_divmodsi4.o)
 .text          0x00000092        0x0 d:/programs/imt_sdk_win_64/winavr/bin/../lib/gcc/avr/4.3.3/avr5\libgcc.a(_exit.o)
 .text          0x00000092        0x0 d:/programs/imt_sdk_win_64/winavr/bin/../lib/gcc/avr/4.3.3/avr5\libgcc.a(_copy_data.o)
 .text          0x00000092        0x0 d:/programs/imt_sdk_win_64/winavr/bin/../lib/gcc/avr/4.3.3/avr5\libgcc.a(_clear_bss.o)
                0x00000092                . = ALIGN (0x2)
 *(.text.*)
 .text.UART_voidInit
                0x00000092       0x10 ./UART/UART_Program.o
                0x00000092                UART_voidInit
 .text.UART_voidTransmitByte_synch
                0x000000a2        0x8 ./UART/UART_Program.o
                0x000000a2                UART_voidTransmitByte_synch
 .text.UART_voidRecieverByte_synch
                0x000000aa        0x8 ./UART/UART_Program.o
                0x000000aa                UART_voidRecieverByte_synch
 .text.UART_u8GetUDRValue
                0x000000b2        0x4 ./UART/UART_Program.o
                0x000000b2                UART_u8GetUDRValue
 .text.UART_voidSetBaudRate
                0x000000b6       0x46 ./UART/UART_Program.o
                0x000000b6                UART_voidSetBaudRate
 .text.UART_voidSendString
                0x000000fc       0x14 ./UART/UART_Program.o
                0x000000fc                UART_voidSendString
 .text.UART_voidRecString
                0x00000110       0x1a ./UART/UART_Program.o
                0x00000110                UART_voidRecString
 .text.UART_voidRegisterCallback
                0x0000012a        0xe ./UART/UART_Program.o
                0x0000012a                UART_voidRegisterCallback
 .text.__vector_13
                0x00000138       0x54 ./UART/UART_Program.o
                0x00000138                __vector_13
 .text.LCD_vidsendchar
                0x0000018c       0x4c ./LCD/LCD_program.o
                0x0000018c                LCD_vidsendchar
 .text.LCD_vidprintNumber
                0x000001d8       0xf6 ./LCD/LCD_program.o
                0x000001d8                LCD_vidprintNumber
 .text.LCD_printstring
                0x000002ce       0x26 ./LCD/LCD_program.o
                0x000002ce                LCD_printstring
 .text.LCD_vidsendcommend
                0x000002f4       0x4c ./LCD/LCD_program.o
                0x000002f4                LCD_vidsendcommend
 .text.LCD_vidsetcursorposition
                0x00000340       0x1e ./LCD/LCD_program.o
                0x00000340                LCD_vidsetcursorposition
 .text.LCD_vidsavecustomchar
                0x0000035e       0x44 ./LCD/LCD_program.o
                0x0000035e                LCD_vidsavecustomchar
 .text.LCD_vidclearLCD
                0x000003a2        0x8 ./LCD/LCD_program.o
                0x000003a2                LCD_vidclearLCD
 .text.LCD_vidinit
                0x000003aa       0x7a ./LCD/LCD_program.o
                0x000003aa                LCD_vidinit
 .text.GIE_voidEnable
                0x00000424        0x8 ./GIE/GIE_Program.o
                0x00000424                GIE_voidEnable
 .text.GIE_voidDisable
                0x0000042c        0x8 ./GIE/GIE_Program.o
                0x0000042c                GIE_voidDisable
 .text.ADC_voidInit
                0x00000434       0x2a ./ADC/ADC_Program.o
                0x00000434                ADC_voidInit
 .text.ADC_u16ReadDigitalValue_synch
                0x0000045e       0x1e ./ADC/ADC_Program.o
                0x0000045e                ADC_u16ReadDigitalValue_synch
 .text.ADC_u16GETADC_DATA
                0x0000047c        0x8 ./ADC/ADC_Program.o
                0x0000047c                ADC_u16GETADC_DATA
 .text.ADC_StartConversion
                0x00000484       0x12 ./ADC/ADC_Program.o
                0x00000484                ADC_StartConversion
 .text.ADC_voidSetCallback
                0x00000496        0xa ./ADC/ADC_Program.o
                0x00000496                ADC_voidSetCallback
 .text.__vector_16
                0x000004a0       0x52 ./ADC/ADC_Program.o
                0x000004a0                __vector_16
 .text.DIO_voidSetPinDirection
                0x000004f2       0xe6 ./01-DIO/DIO_Program.o
                0x000004f2                DIO_voidSetPinDirection
 .text.DIO_voidSetPinValue
                0x000005d8       0xe6 ./01-DIO/DIO_Program.o
                0x000005d8                DIO_voidSetPinValue
 .text.DIO_u8GetPinValue
                0x000006be       0x40 ./01-DIO/DIO_Program.o
                0x000006be                DIO_u8GetPinValue
 .text.DIO_voidTogglePin
                0x000006fe       0x6a ./01-DIO/DIO_Program.o
                0x000006fe                DIO_voidTogglePin
 .text.DIO_voidSetPortDirection
                0x00000768       0x22 ./01-DIO/DIO_Program.o
                0x00000768                DIO_voidSetPortDirection
 .text.DIO_voidSetPortValue
                0x0000078a       0x22 ./01-DIO/DIO_Program.o
                0x0000078a                DIO_voidSetPortValue
 .text.DIO_u8GetPortValue
                0x000007ac       0x24 ./01-DIO/DIO_Program.o
                0x000007ac                DIO_u8GetPortValue
 .text.uart_cbk
                0x000007d0       0x68 ./main.o
                0x000007d0                uart_cbk
 .text.stop_void
                0x00000838       0x2a ./main.o
                0x00000838                stop_void
 .text.main     0x00000862      0x1bc ./main.o
                0x00000862                main
 .text.ADC_INTERUPTHANDLEER
                0x00000a1e       0x1a ./main.o
                0x00000a1e                ADC_INTERUPTHANDLEER
 .text.libgcc   0x00000a38       0x3e d:/programs/imt_sdk_win_64/winavr/bin/../lib/gcc/avr/4.3.3/avr5\libgcc.a(_mulsi3.o)
                0x00000a38                __mulsi3
 .text.libgcc   0x00000a76       0x44 d:/programs/imt_sdk_win_64/winavr/bin/../lib/gcc/avr/4.3.3/avr5\libgcc.a(_udivmodsi4.o)
                0x00000a76                __udivmodsi4
 .text.libgcc   0x00000aba       0x36 d:/programs/imt_sdk_win_64/winavr/bin/../lib/gcc/avr/4.3.3/avr5\libgcc.a(_divmodsi4.o)
                0x00000aba                __divmodsi4
 .text.libgcc   0x00000af0        0x0 d:/programs/imt_sdk_win_64/winavr/bin/../lib/gcc/avr/4.3.3/avr5\libgcc.a(_exit.o)
 .text.libgcc   0x00000af0        0x0 d:/programs/imt_sdk_win_64/winavr/bin/../lib/gcc/avr/4.3.3/avr5\libgcc.a(_copy_data.o)
 .text.libgcc   0x00000af0        0x0 d:/programs/imt_sdk_win_64/winavr/bin/../lib/gcc/avr/4.3.3/avr5\libgcc.a(_clear_bss.o)
                0x00000af0                . = ALIGN (0x2)
 *(.fini9)
 .fini9         0x00000af0        0x0 d:/programs/imt_sdk_win_64/winavr/bin/../lib/gcc/avr/4.3.3/avr5\libgcc.a(_exit.o)
                0x00000af0                exit
                0x00000af0                _exit
 *(.fini9)
 *(.fini8)
 *(.fini8)
 *(.fini7)
 *(.fini7)
 *(.fini6)
 *(.fini6)
 *(.fini5)
 *(.fini5)
 *(.fini4)
 *(.fini4)
 *(.fini3)
 *(.fini3)
 *(.fini2)
 *(.fini2)
 *(.fini1)
 *(.fini1)
 *(.fini0)
 .fini0         0x00000af0        0x4 d:/programs/imt_sdk_win_64/winavr/bin/../lib/gcc/avr/4.3.3/avr5\libgcc.a(_exit.o)
 *(.fini0)
                0x00000af4                _etext = .

.data           0x00800060       0x72 load address 0x00000af4
                0x00800060                PROVIDE (__data_start, .)
 *(.data)
 .data          0x00800060        0x0 d:/programs/imt_sdk_win_64/winavr/bin/../lib/gcc/avr/4.3.3/../../../../avr/lib/avr5/crtm32.o
 .data          0x00800060        0x0 ./UART/UART_Program.o
 .data          0x00800060        0x0 ./LCD/LCD_program.o
 .data          0x00800060        0x0 ./GIE/GIE_Program.o
 .data          0x00800060        0x0 ./ADC/ADC_Program.o
 .data          0x00800060        0x0 ./01-DIO/DIO_Program.o
 .data          0x00800060       0x72 ./main.o
 .data          0x008000d2        0x0 d:/programs/imt_sdk_win_64/winavr/bin/../lib/gcc/avr/4.3.3/avr5\libgcc.a(_mulsi3.o)
 .data          0x008000d2        0x0 d:/programs/imt_sdk_win_64/winavr/bin/../lib/gcc/avr/4.3.3/avr5\libgcc.a(_udivmodsi4.o)
 .data          0x008000d2        0x0 d:/programs/imt_sdk_win_64/winavr/bin/../lib/gcc/avr/4.3.3/avr5\libgcc.a(_divmodsi4.o)
 .data          0x008000d2        0x0 d:/programs/imt_sdk_win_64/winavr/bin/../lib/gcc/avr/4.3.3/avr5\libgcc.a(_exit.o)
 .data          0x008000d2        0x0 d:/programs/imt_sdk_win_64/winavr/bin/../lib/gcc/avr/4.3.3/avr5\libgcc.a(_copy_data.o)
 .data          0x008000d2        0x0 d:/programs/imt_sdk_win_64/winavr/bin/../lib/gcc/avr/4.3.3/avr5\libgcc.a(_clear_bss.o)
 *(.data*)
 *(.rodata)
 *(.rodata*)
 *(.gnu.linkonce.d*)
                0x008000d2                . = ALIGN (0x2)
                0x008000d2                _edata = .
                0x008000d2                PROVIDE (__data_end, .)

.bss            0x008000d2       0x18
                0x008000d2                PROVIDE (__bss_start, .)
 *(.bss)
 .bss           0x008000d2        0x0 d:/programs/imt_sdk_win_64/winavr/bin/../lib/gcc/avr/4.3.3/../../../../avr/lib/avr5/crtm32.o
 .bss           0x008000d2        0x0 ./UART/UART_Program.o
 .bss           0x008000d2        0x0 ./LCD/LCD_program.o
 .bss           0x008000d2        0x0 ./GIE/GIE_Program.o
 .bss           0x008000d2        0x0 ./ADC/ADC_Program.o
 .bss           0x008000d2        0x0 ./01-DIO/DIO_Program.o
 .bss           0x008000d2        0x0 ./main.o
 .bss           0x008000d2        0x0 d:/programs/imt_sdk_win_64/winavr/bin/../lib/gcc/avr/4.3.3/avr5\libgcc.a(_mulsi3.o)
 .bss           0x008000d2        0x0 d:/programs/imt_sdk_win_64/winavr/bin/../lib/gcc/avr/4.3.3/avr5\libgcc.a(_udivmodsi4.o)
 .bss           0x008000d2        0x0 d:/programs/imt_sdk_win_64/winavr/bin/../lib/gcc/avr/4.3.3/avr5\libgcc.a(_divmodsi4.o)
 .bss           0x008000d2        0x0 d:/programs/imt_sdk_win_64/winavr/bin/../lib/gcc/avr/4.3.3/avr5\libgcc.a(_exit.o)
 .bss           0x008000d2        0x0 d:/programs/imt_sdk_win_64/winavr/bin/../lib/gcc/avr/4.3.3/avr5\libgcc.a(_copy_data.o)
 .bss           0x008000d2        0x0 d:/programs/imt_sdk_win_64/winavr/bin/../lib/gcc/avr/4.3.3/avr5\libgcc.a(_clear_bss.o)
 *(.bss*)
 .bss.UART_RX_COMPLETE_CallBack
                0x008000d2        0x2 ./UART/UART_Program.o
 .bss.G_ADC_Callback
                0x008000d4        0x2 ./ADC/ADC_Program.o
 .bss.uart_flag
                0x008000d6        0x1 ./main.o
                0x008000d6                uart_flag
 .bss.heat_value
                0x008000d7        0x2 ./main.o
                0x008000d7                heat_value
 .bss.adc_data  0x008000d9        0x2 ./main.o
                0x008000d9                adc_data
 .bss.ADC_flag  0x008000db        0x1 ./main.o
                0x008000db                ADC_flag
 .bss.buffer_idx.1326
                0x008000dc        0x4 ./main.o
 *(COMMON)
 COMMON         0x008000e0        0xa ./main.o
                0x008000e0                buffer
                0x008000ea                PROVIDE (__bss_end, .)
                0x00000af4                __data_load_start = LOADADDR (.data)
                0x00000b66                __data_load_end = (__data_load_start + SIZEOF (.data))

.noinit         0x008000ea        0x0
                0x008000ea                PROVIDE (__noinit_start, .)
 *(.noinit*)
                0x008000ea                PROVIDE (__noinit_end, .)
                0x008000ea                _end = .
                0x008000ea                PROVIDE (__heap_start, .)

.eeprom         0x00810000        0x0
 *(.eeprom*)
                0x00810000                __eeprom_end = .

.fuse
 *(.fuse)
 *(.lfuse)
 *(.hfuse)
 *(.efuse)

.lock
 *(.lock*)

.signature
 *(.signature*)

.stab
 *(.stab)

.stabstr
 *(.stabstr)

.stab.excl
 *(.stab.excl)

.stab.exclstr
 *(.stab.exclstr)

.stab.index
 *(.stab.index)

.stab.indexstr
 *(.stab.indexstr)

.comment
 *(.comment)

.debug
 *(.debug)

.line
 *(.line)

.debug_srcinfo
 *(.debug_srcinfo)

.debug_sfnames
 *(.debug_sfnames)

.debug_aranges
 *(.debug_aranges)

.debug_pubnames
 *(.debug_pubnames)

.debug_info
 *(.debug_info)
 *(.gnu.linkonce.wi.*)

.debug_abbrev
 *(.debug_abbrev)

.debug_line
 *(.debug_line)

.debug_frame
 *(.debug_frame)

.debug_str
 *(.debug_str)

.debug_loc
 *(.debug_loc)

.debug_macinfo
 *(.debug_macinfo)
OUTPUT(Tesla.elf elf32-avr)
LOAD linker stubs
